// Jest Snapshot v1, https://goo.gl/fbAQLP

exports[`Check FormComponent Component should renders component without crashing 1`] = `
<form
  className="css-cgyezj"
  onSubmit={[Function]}
>
  <div
    className="css-ku1ga7"
  >
    <label>
      CustomerId:
      <input
        name="customerID"
        onChange={[MockFunction]}
        placeholder="CustomerId"
        style={
          Object {
            "border": "none",
            "fontSize": "16px",
            "marginLeft": "0.5em",
            "outline": "none",
          }
        }
        type="text"
        value={7}
      />
    </label>
  </div>
  <div
    className="css-ku1ga7"
  >
    <label>
      First Name:
      <input
        name="first"
        onChange={[MockFunction]}
        placeholder="First Name"
        style={
          Object {
            "border": "none",
            "fontSize": "16px",
            "marginLeft": "0.5em",
            "outline": "none",
          }
        }
        type="text"
        value="Sarah"
      />
    </label>
  </div>
  <div
    className="css-ku1ga7"
  >
    <label>
      Last Name:
      <input
        name="last"
        onChange={[MockFunction]}
        placeholder="Last Name"
        style={
          Object {
            "border": "none",
            "fontSize": "16px",
            "marginLeft": "0.5em",
            "outline": "none",
          }
        }
        type="text"
        value="Conol"
      />
    </label>
  </div>
  <div
    className="css-ku1ga7"
  >
    <label>
      Gender:
    </label>
    <select
      name="gender"
      onChange={[MockFunction]}
      style={
        Object {
          "border": "none",
          "fontSize": "16px",
          "marginLeft": "0.5em",
          "outline": "none",
        }
      }
      value="w"
    >
      <option
        value=""
      >
         Choose one
      </option>
      <option
        value="m"
      >
        Male
      </option>
      <option
        value="w"
      >
        Female
      </option>
      <option
        value="o"
      >
        Other
      </option>
    </select>
  </div>
  <div
    className="css-ku1ga7"
  >
    <label>
      Birthday:
    </label>
    <div>
      <input
        name="birthday"
        onChange={[MockFunction]}
        placeholder="Birthday"
        style={
          Object {
            "border": "none",
            "fontSize": "16px",
            "marginLeft": "0.5em",
            "outline": "none",
          }
        }
        type="date"
        value="1986-03-21"
      />
    </div>
  </div>
  <div
    className="css-ku1ga7"
  >
    <label>
      Last Contact:
    </label>
    <div>
      <input
        name="lastContact"
        onChange={[MockFunction]}
        placeholder="Last Contact"
        style={
          Object {
            "border": "none",
            "fontSize": "16px",
            "marginLeft": "0.5em",
            "outline": "none",
          }
        }
        type="datetime"
        value="Thu, 01 Jun 2017 23:28:56 GMT"
      />
    </div>
  </div>
  <div
    className="css-ku1ga7"
  >
    <label>
      Lifetime Value:
    </label>
    <div>
      <input
        name="customerLifetimeValue"
        onChange={[MockFunction]}
        style={
          Object {
            "border": "none",
            "fontSize": "16px",
            "marginLeft": "0.5em",
            "outline": "none",
          }
        }
        type="text"
        value={2191}
      />
    </div>
  </div>
</form>
`;
